python : Traceback (most recent 
call last):
At line:1 char:1
+ python test_api.py > 
test_output.txt 2>&1; Get-Content 
test_output.tx ...
+ ~~~~~~~~~~~~~~~~~~~~~~~~~~~~~~~~~~
~~~~~~~
    + CategoryInfo          : NotSp 
   ecified: (Traceback (most recen  
  t call last)::String) [], Remot   
 eException
    + FullyQualifiedErrorId : Nativ 
   eCommandError
 
  File "D:\Downloads\LLM-Pr\catalyst
-ai-backend\test_api.py", line 125, 
in <module>
    print("\n\U0001f680 Starting 
Backend API Tests\n")
  File "C:\Users\RohitB\Anaconda3\Li
b\encodings\cp1252.py", line 19, in 
encode
    return codecs.charmap_encode(inp
ut,self.errors,encoding_table)[0]
           ^^^^^^^^^^^^^^^^^^^^^^^^^
^^^^^^^^^^^^^^^^^^^^^^^^^^^^^^
UnicodeEncodeError: 'charmap' codec 
can't encode character '\U0001f680' 
in position 2: character maps to 
<undefined>
